// Jest Snapshot v1, https://goo.gl/fbAQLP

exports[`<Main /> should render the heading 1`] = `
<main
  class="sc-bdfBwQ lipfOp"
>
  <img
    alt="Imagem de um átomo e React Avançado escrito ao lado."
    class="sc-gsTCUz CQUqp"
    src="/img/logo.svg"
  />
  <h1
    class="sc-dlfnbm pUNJm"
  >
    React Avançado
  </h1>
  <h2
    class="sc-hKgILt bfcbOc"
  >
    TypeScript, ReactJ, NextJS e StyledComponents
  </h2>
  <img
    alt="Um desenvolvedor de frente para uma tela com código."
    class="sc-eCssSg kCUeb"
    src="/img/hero-illustration.svg"
  />
</main>
`
